// Jest Snapshot v1, https://goo.gl/fbAQLP

exports[`app starts correctly 1`] = `
<Styled(Container)>
  <FlatList
    data={Array []}
    disableVirtualization={false}
    horizontal={false}
    initialNumToRender={10}
    keyExtractor={[Function]}
    maxToRenderPerBatch={10}
    numColumns={1}
    onEndReachedThreshold={2}
    removeClippedSubviews={false}
    renderItem={[Function]}
    scrollEventThrottle={50}
    updateCellsBatchingPeriod={50}
    windowSize={21}
  />
</Styled(Container)>
`;
